email_sent=true
smtp_connection=success
gmail_auth=success
missing_secrets=none
error=none
message_id=<178299555847.2531.3515153811892165586@github-actions.local>
smtp_ehlo_code=250
smtp_ehlo_response=smtp.gmail.com at your service, [20.81.159.5]\nSIZE 35882577\n8BITMIME\nSTARTTLS\nENHANCEDSTATUSCODES\nPIPELINING\nCHUNKING\nSMTPUTF8
smtp_starttls_code=220
smtp_starttls_response=2.0.0 Ready to start TLS
smtp_tls_ehlo_code=250
smtp_tls_ehlo_response=smtp.gmail.com at your service, [20.81.159.5]\nSIZE 35882577\n8BITMIME\nAUTH LOGIN PLAIN XOAUTH2 PLAIN-CLIENTTOKEN OAUTHBEARER XOAUTH\nENHANCEDSTATUSCODES\nPIPELINING\nCHUNKING\nSMTPUTF8
smtp_login_code=235
smtp_login_response=2.7.0 Accepted
smtp_mail_code=250
smtp_mail_response=2.1.0 OK af79cd13be357-92e801bdb0esm206022185a.41 - gsmtp
smtp_rcpt_code=250
smtp_rcpt_response=2.1.5 OK af79cd13be357-92e801bdb0esm206022185a.41 - gsmtp
smtp_data_code=250
smtp_data_response=2.0.0 OK  1782995560 af79cd13be357-92e801bdb0esm206022185a.41 - gsmtp
report_path=reports/today_stock.md
report_size_bytes=21980
git_commit=d6ac8750e9f4cb825fb358ad6a6daa6a544fec28
workflow_run_id=28589994895
today_stock_sha256=85c23d71df17c5244abd1a0fdcb2aad6d04de37f1b4417ee704f57a59b831c29
email_body_sha256=85c23d71df17c5244abd1a0fdcb2aad6d04de37f1b4417ee704f57a59b831c29
body_matches_today_stock=True
email_subject=A股自动选股日报 2026-07-02【实时数据】
mail_to=xulu2341@gmail.com
