email_sent=true
smtp_connection=success
gmail_auth=success
missing_secrets=none
error=none
message_id=<178350687333.2490.6991786414021115090@github-actions.local>
smtp_ehlo_code=250
smtp_ehlo_response=smtp.gmail.com at your service, [20.55.87.178]\nSIZE 35882577\n8BITMIME\nSTARTTLS\nENHANCEDSTATUSCODES\nPIPELINING\nCHUNKING\nSMTPUTF8
smtp_starttls_code=220
smtp_starttls_response=2.0.0 Ready to start TLS
smtp_tls_ehlo_code=250
smtp_tls_ehlo_response=smtp.gmail.com at your service, [20.55.87.178]\nSIZE 35882577\n8BITMIME\nAUTH LOGIN PLAIN XOAUTH2 PLAIN-CLIENTTOKEN OAUTHBEARER XOAUTH\nENHANCEDSTATUSCODES\nPIPELINING\nCHUNKING\nSMTPUTF8
smtp_login_code=235
smtp_login_response=2.7.0 Accepted
smtp_mail_code=250
smtp_mail_response=2.1.0 OK af79cd13be357-92e90b800e3sm1335361585a.2 - gsmtp
smtp_rcpt_code=250
smtp_rcpt_response=2.1.5 OK af79cd13be357-92e90b800e3sm1335361585a.2 - gsmtp
smtp_data_code=250
smtp_data_response=2.0.0 OK  1783506874 af79cd13be357-92e90b800e3sm1335361585a.2 - gsmtp
report_path=reports/today_stock.md
report_size_bytes=25982
git_commit=9d1f5d4da8600cd1cead0035b87683fe7abbbc26
workflow_run_id=28935854504
today_stock_sha256=d098fd9b9d4dbebfc407e2e35885e909e42c2e732ffe928efd676928f20a5af2
email_body_sha256=d098fd9b9d4dbebfc407e2e35885e909e42c2e732ffe928efd676928f20a5af2
body_matches_today_stock=True
email_subject=A股自动选股日报 2026-07-08【实时数据】
mail_to=xulu2341@gmail.com
