email_sent=true
smtp_connection=success
gmail_auth=success
missing_secrets=none
error=none
message_id=<178592694862.2362.15631619517245607937@github-actions.local>
smtp_ehlo_code=250
smtp_ehlo_response=smtp.gmail.com at your service, [20.163.6.179]\nSIZE 35882577\n8BITMIME\nSTARTTLS\nENHANCEDSTATUSCODES\nPIPELINING\nCHUNKING\nSMTPUTF8
smtp_starttls_code=220
smtp_starttls_response=2.0.0 Ready to start TLS
smtp_tls_ehlo_code=250
smtp_tls_ehlo_response=smtp.gmail.com at your service, [20.163.6.179]\nSIZE 35882577\n8BITMIME\nAUTH LOGIN PLAIN XOAUTH2 PLAIN-CLIENTTOKEN OAUTHBEARER XOAUTH\nENHANCEDSTATUSCODES\nPIPELINING\nCHUNKING\nSMTPUTF8
smtp_login_code=235
smtp_login_response=2.7.0 Accepted
smtp_mail_code=250
smtp_mail_response=2.1.0 OK 5a478bee46e88-315863b761asm22667395eec.1 - gsmtp
smtp_rcpt_code=250
smtp_rcpt_response=2.1.5 OK 5a478bee46e88-315863b761asm22667395eec.1 - gsmtp
smtp_data_code=250
smtp_data_response=2.0.0 OK  1785926949 5a478bee46e88-315863b761asm22667395eec.1 - gsmtp
report_path=reports/today_stock.md
report_size_bytes=22807
git_commit=9d1f5d4da8600cd1cead0035b87683fe7abbbc26
workflow_run_id=30998691869
today_stock_sha256=933b51f798888706685bb53fb191d03486e4a73d3dbcbf42a8c953afb07fabf9
email_body_sha256=933b51f798888706685bb53fb191d03486e4a73d3dbcbf42a8c953afb07fabf9
body_matches_today_stock=True
email_subject=A股自动选股日报 2026-08-05【实时数据】
mail_to=xulu2341@gmail.com
