email_sent=true
smtp_connection=success
gmail_auth=success
missing_secrets=none
error=none
message_id=<178463022246.2448.13051899885700008559@github-actions.local>
smtp_ehlo_code=250
smtp_ehlo_response=smtp.gmail.com at your service, [20.55.127.230]\nSIZE 35882577\n8BITMIME\nSTARTTLS\nENHANCEDSTATUSCODES\nPIPELINING\nCHUNKING\nSMTPUTF8
smtp_starttls_code=220
smtp_starttls_response=2.0.0 Ready to start TLS
smtp_tls_ehlo_code=250
smtp_tls_ehlo_response=smtp.gmail.com at your service, [20.55.127.230]\nSIZE 35882577\n8BITMIME\nAUTH LOGIN PLAIN XOAUTH2 PLAIN-CLIENTTOKEN OAUTHBEARER XOAUTH\nENHANCEDSTATUSCODES\nPIPELINING\nCHUNKING\nSMTPUTF8
smtp_login_code=235
smtp_login_response=2.7.0 Accepted
smtp_mail_code=250
smtp_mail_response=2.1.0 OK 6a1803df08f44-90778567f14sm113063116d6.14 - gsmtp
smtp_rcpt_code=250
smtp_rcpt_response=2.1.5 OK 6a1803df08f44-90778567f14sm113063116d6.14 - gsmtp
smtp_data_code=250
smtp_data_response=2.0.0 OK  1784630224 6a1803df08f44-90778567f14sm113063116d6.14 - gsmtp
report_path=reports/today_stock.md
report_size_bytes=24405
git_commit=9d1f5d4da8600cd1cead0035b87683fe7abbbc26
workflow_run_id=29822654268
today_stock_sha256=a7379e210334df5f5bd9b9c7b14b19a7ef3aebd496a1d81e09270b2c0c9ac5c7
email_body_sha256=a7379e210334df5f5bd9b9c7b14b19a7ef3aebd496a1d81e09270b2c0c9ac5c7
body_matches_today_stock=True
email_subject=A股自动选股日报 2026-07-21【实时数据】
mail_to=xulu2341@gmail.com
