email_sent=true
smtp_connection=success
gmail_auth=success
missing_secrets=none
error=none
message_id=<178712981294.2295.16422577046498894196@github-actions.local>
smtp_ehlo_code=250
smtp_ehlo_response=smtp.gmail.com at your service, [52.161.59.3]\nSIZE 35882577\n8BITMIME\nSTARTTLS\nENHANCEDSTATUSCODES\nPIPELINING\nCHUNKING\nSMTPUTF8
smtp_starttls_code=220
smtp_starttls_response=2.0.0 Ready to start TLS
smtp_tls_ehlo_code=250
smtp_tls_ehlo_response=smtp.gmail.com at your service, [52.161.59.3]\nSIZE 35882577\n8BITMIME\nAUTH LOGIN PLAIN XOAUTH2 PLAIN-CLIENTTOKEN OAUTHBEARER XOAUTH\nENHANCEDSTATUSCODES\nPIPELINING\nCHUNKING\nSMTPUTF8
smtp_login_code=235
smtp_login_response=2.7.0 Accepted
smtp_mail_code=250
smtp_mail_response=2.1.0 OK 5a478bee46e88-327bf13f4bdsm5245720eec.20 - gsmtp
smtp_rcpt_code=250
smtp_rcpt_response=2.1.5 OK 5a478bee46e88-327bf13f4bdsm5245720eec.20 - gsmtp
smtp_data_code=250
smtp_data_response=2.0.0 OK  1787129814 5a478bee46e88-327bf13f4bdsm5245720eec.20 - gsmtp
report_path=reports/today_stock.md
report_size_bytes=26605
git_commit=9d1f5d4da8600cd1cead0035b87683fe7abbbc26
workflow_run_id=32234758966
today_stock_sha256=db41500cfcf1c041a4e5dad399787951052739fe5be6b6df3b95b58e70e21386
email_body_sha256=db41500cfcf1c041a4e5dad399787951052739fe5be6b6df3b95b58e70e21386
body_matches_today_stock=True
email_subject=A股自动选股日报 2026-08-19【实时数据】
mail_to=xulu2341@gmail.com
