email_sent=true
smtp_connection=success
gmail_auth=success
missing_secrets=none
error=none
message_id=<178471663199.2240.5017893937615018870@github-actions.local>
smtp_ehlo_code=250
smtp_ehlo_response=smtp.gmail.com at your service, [52.160.149.133]\nSIZE 35882577\n8BITMIME\nSTARTTLS\nENHANCEDSTATUSCODES\nPIPELINING\nCHUNKING\nSMTPUTF8
smtp_starttls_code=220
smtp_starttls_response=2.0.0 Ready to start TLS
smtp_tls_ehlo_code=250
smtp_tls_ehlo_response=smtp.gmail.com at your service, [52.160.149.133]\nSIZE 35882577\n8BITMIME\nAUTH LOGIN PLAIN XOAUTH2 PLAIN-CLIENTTOKEN OAUTHBEARER XOAUTH\nENHANCEDSTATUSCODES\nPIPELINING\nCHUNKING\nSMTPUTF8
smtp_login_code=235
smtp_login_response=2.7.0 Accepted
smtp_mail_code=250
smtp_mail_response=2.1.0 OK a92af1059eb24-13d130158c0sm5740210c88.6 - gsmtp
smtp_rcpt_code=250
smtp_rcpt_response=2.1.5 OK a92af1059eb24-13d130158c0sm5740210c88.6 - gsmtp
smtp_data_code=250
smtp_data_response=2.0.0 OK  1784716633 a92af1059eb24-13d130158c0sm5740210c88.6 - gsmtp
report_path=reports/today_stock.md
report_size_bytes=23768
git_commit=9d1f5d4da8600cd1cead0035b87683fe7abbbc26
workflow_run_id=29912365782
today_stock_sha256=182fc9c7ec942ce5c24dc0806cb1e65ce2c4b83be2e0c9f160badf076e32e92d
email_body_sha256=182fc9c7ec942ce5c24dc0806cb1e65ce2c4b83be2e0c9f160badf076e32e92d
body_matches_today_stock=True
email_subject=A股自动选股日报 2026-07-22【实时数据】
mail_to=xulu2341@gmail.com
