email_sent=true
smtp_connection=success
gmail_auth=success
missing_secrets=none
error=none
message_id=<178695736638.2432.2284996240484774753@github-actions.local>
smtp_ehlo_code=250
smtp_ehlo_response=smtp.gmail.com at your service, [20.127.215.179]\nSIZE 35882577\n8BITMIME\nSTARTTLS\nENHANCEDSTATUSCODES\nPIPELINING\nCHUNKING\nSMTPUTF8
smtp_starttls_code=220
smtp_starttls_response=2.0.0 Ready to start TLS
smtp_tls_ehlo_code=250
smtp_tls_ehlo_response=smtp.gmail.com at your service, [20.127.215.179]\nSIZE 35882577\n8BITMIME\nAUTH LOGIN PLAIN XOAUTH2 PLAIN-CLIENTTOKEN OAUTHBEARER XOAUTH\nENHANCEDSTATUSCODES\nPIPELINING\nCHUNKING\nSMTPUTF8
smtp_login_code=235
smtp_login_response=2.7.0 Accepted
smtp_mail_code=250
smtp_mail_response=2.1.0 OK d75a77b69052e-52db60eaa4fsm9466091cf.3 - gsmtp
smtp_rcpt_code=250
smtp_rcpt_response=2.1.5 OK d75a77b69052e-52db60eaa4fsm9466091cf.3 - gsmtp
smtp_data_code=250
smtp_data_response=2.0.0 OK  1786957370 d75a77b69052e-52db60eaa4fsm9466091cf.3 - gsmtp
report_path=reports/today_stock.md
report_size_bytes=24394
git_commit=9d1f5d4da8600cd1cead0035b87683fe7abbbc26
workflow_run_id=32012924884
today_stock_sha256=77cbb1ccd4e9fea69d447e90be409ab12b62e39e7cba814bccde2284941ce367
email_body_sha256=77cbb1ccd4e9fea69d447e90be409ab12b62e39e7cba814bccde2284941ce367
body_matches_today_stock=True
email_subject=A股自动选股日报 2026-08-17【实时数据】
mail_to=xulu2341@gmail.com
