email_sent=true
smtp_connection=success
gmail_auth=success
missing_secrets=none
error=none
message_id=<178549522941.2229.17703571921600238092@github-actions.local>
smtp_ehlo_code=250
smtp_ehlo_response=smtp.gmail.com at your service, [20.106.22.224]\nSIZE 35882577\n8BITMIME\nSTARTTLS\nENHANCEDSTATUSCODES\nPIPELINING\nCHUNKING\nSMTPUTF8
smtp_starttls_code=220
smtp_starttls_response=2.0.0 Ready to start TLS
smtp_tls_ehlo_code=250
smtp_tls_ehlo_response=smtp.gmail.com at your service, [20.106.22.224]\nSIZE 35882577\n8BITMIME\nAUTH LOGIN PLAIN XOAUTH2 PLAIN-CLIENTTOKEN OAUTHBEARER XOAUTH\nENHANCEDSTATUSCODES\nPIPELINING\nCHUNKING\nSMTPUTF8
smtp_login_code=235
smtp_login_response=2.7.0 Accepted
smtp_mail_code=250
smtp_mail_response=2.1.0 OK 586e51a60fabf-458f60ea539sm733498fac.8 - gsmtp
smtp_rcpt_code=250
smtp_rcpt_response=2.1.5 OK 586e51a60fabf-458f60ea539sm733498fac.8 - gsmtp
smtp_data_code=250
smtp_data_response=2.0.0 OK  1785495230 586e51a60fabf-458f60ea539sm733498fac.8 - gsmtp
report_path=reports/today_stock.md
report_size_bytes=23595
git_commit=9d1f5d4da8600cd1cead0035b87683fe7abbbc26
workflow_run_id=30624902310
today_stock_sha256=01937cbb2ef39f7928cc833d3946b6d63e1f1c05ca3a30f82b66d751d3a1ad1f
email_body_sha256=01937cbb2ef39f7928cc833d3946b6d63e1f1c05ca3a30f82b66d751d3a1ad1f
body_matches_today_stock=True
email_subject=A股自动选股日报 2026-07-31【实时数据】
mail_to=xulu2341@gmail.com
