email_sent=true
smtp_connection=success
gmail_auth=success
missing_secrets=none
error=none
message_id=<178307595829.2418.5594255769445293690@github-actions.local>
smtp_ehlo_code=250
smtp_ehlo_response=smtp.gmail.com at your service, [57.154.167.116]\nSIZE 35882577\n8BITMIME\nSTARTTLS\nENHANCEDSTATUSCODES\nPIPELINING\nCHUNKING\nSMTPUTF8
smtp_starttls_code=220
smtp_starttls_response=2.0.0 Ready to start TLS
smtp_tls_ehlo_code=250
smtp_tls_ehlo_response=smtp.gmail.com at your service, [57.154.167.116]\nSIZE 35882577\n8BITMIME\nAUTH LOGIN PLAIN XOAUTH2 PLAIN-CLIENTTOKEN OAUTHBEARER XOAUTH\nENHANCEDSTATUSCODES\nPIPELINING\nCHUNKING\nSMTPUTF8
smtp_login_code=235
smtp_login_response=2.7.0 Accepted
smtp_mail_code=250
smtp_mail_response=2.1.0 OK 5a478bee46e88-30f0bc3ea61sm20833700eec.30 - gsmtp
smtp_rcpt_code=250
smtp_rcpt_response=2.1.5 OK 5a478bee46e88-30f0bc3ea61sm20833700eec.30 - gsmtp
smtp_data_code=250
smtp_data_response=2.0.0 OK  1783075960 5a478bee46e88-30f0bc3ea61sm20833700eec.30 - gsmtp
report_path=reports/today_stock.md
report_size_bytes=21645
git_commit=a7b11fafaecd11cc62b06275a510cb284c8e631e
workflow_run_id=28655669698
today_stock_sha256=86d0764f458b5b3eba8a86c87a5ed3c6597ede0c1d7e5ce794d1fded393dab21
email_body_sha256=86d0764f458b5b3eba8a86c87a5ed3c6597ede0c1d7e5ce794d1fded393dab21
body_matches_today_stock=True
email_subject=A股自动选股日报 2026-07-03【实时数据】
mail_to=xulu2341@gmail.com
