email_sent=true
smtp_connection=success
gmail_auth=success
missing_secrets=none
error=none
message_id=<178428325921.2491.15410346061237224337@github-actions.local>
smtp_ehlo_code=250
smtp_ehlo_response=smtp.gmail.com at your service, [64.236.153.162]\nSIZE 35882577\n8BITMIME\nSTARTTLS\nENHANCEDSTATUSCODES\nPIPELINING\nCHUNKING\nSMTPUTF8
smtp_starttls_code=220
smtp_starttls_response=2.0.0 Ready to start TLS
smtp_tls_ehlo_code=250
smtp_tls_ehlo_response=smtp.gmail.com at your service, [64.236.153.162]\nSIZE 35882577\n8BITMIME\nAUTH LOGIN PLAIN XOAUTH2 PLAIN-CLIENTTOKEN OAUTHBEARER XOAUTH\nENHANCEDSTATUSCODES\nPIPELINING\nCHUNKING\nSMTPUTF8
smtp_login_code=235
smtp_login_response=2.7.0 Accepted
smtp_mail_code=250
smtp_mail_response=2.1.0 OK af79cd13be357-930b542dd27sm117078485a.29 - gsmtp
smtp_rcpt_code=250
smtp_rcpt_response=2.1.5 OK af79cd13be357-930b542dd27sm117078485a.29 - gsmtp
smtp_data_code=250
smtp_data_response=2.0.0 OK  1784283261 af79cd13be357-930b542dd27sm117078485a.29 - gsmtp
report_path=reports/today_stock.md
report_size_bytes=25441
git_commit=9d1f5d4da8600cd1cead0035b87683fe7abbbc26
workflow_run_id=29572554392
today_stock_sha256=7cc2acfbb661a21a8af8d0592e5b76caa59b789066349eb325d30790e4cdb5d8
email_body_sha256=7cc2acfbb661a21a8af8d0592e5b76caa59b789066349eb325d30790e4cdb5d8
body_matches_today_stock=True
email_subject=A股自动选股日报 2026-07-17【实时数据】
mail_to=xulu2341@gmail.com
