email_sent=true
smtp_connection=success
gmail_auth=success
missing_secrets=none
error=none
message_id=<178661379631.2274.7044695163628367505@github-actions.local>
smtp_ehlo_code=250
smtp_ehlo_response=smtp.gmail.com at your service, [135.119.38.217]\nSIZE 35882577\n8BITMIME\nSTARTTLS\nENHANCEDSTATUSCODES\nPIPELINING\nCHUNKING\nSMTPUTF8
smtp_starttls_code=220
smtp_starttls_response=2.0.0 Ready to start TLS
smtp_tls_ehlo_code=250
smtp_tls_ehlo_response=smtp.gmail.com at your service, [135.119.38.217]\nSIZE 35882577\n8BITMIME\nAUTH LOGIN PLAIN XOAUTH2 PLAIN-CLIENTTOKEN OAUTHBEARER XOAUTH\nENHANCEDSTATUSCODES\nPIPELINING\nCHUNKING\nSMTPUTF8
smtp_login_code=235
smtp_login_response=2.7.0 Accepted
smtp_mail_code=250
smtp_mail_response=2.1.0 OK 46e09a7af769-7f3c9ca7adasm1650918a34.17 - gsmtp
smtp_rcpt_code=250
smtp_rcpt_response=2.1.5 OK 46e09a7af769-7f3c9ca7adasm1650918a34.17 - gsmtp
smtp_data_code=250
smtp_data_response=2.0.0 OK  1786613797 46e09a7af769-7f3c9ca7adasm1650918a34.17 - gsmtp
report_path=reports/today_stock.md
report_size_bytes=25670
git_commit=9d1f5d4da8600cd1cead0035b87683fe7abbbc26
workflow_run_id=31687023356
today_stock_sha256=8998de28d7082e4df6519c104666b9b7f97a2510ed1160ad56729e190dc68168
email_body_sha256=8998de28d7082e4df6519c104666b9b7f97a2510ed1160ad56729e190dc68168
body_matches_today_stock=True
email_subject=A股自动选股日报 2026-08-13【实时数据】
mail_to=xulu2341@gmail.com
