email_sent=true
smtp_connection=success
gmail_auth=success
missing_secrets=none
error=none
message_id=<178523572234.2462.3871230981023664324@github-actions.local>
smtp_ehlo_code=250
smtp_ehlo_response=smtp.gmail.com at your service, [172.174.221.226]\nSIZE 35882577\n8BITMIME\nSTARTTLS\nENHANCEDSTATUSCODES\nPIPELINING\nCHUNKING\nSMTPUTF8
smtp_starttls_code=220
smtp_starttls_response=2.0.0 Ready to start TLS
smtp_tls_ehlo_code=250
smtp_tls_ehlo_response=smtp.gmail.com at your service, [172.174.221.226]\nSIZE 35882577\n8BITMIME\nAUTH LOGIN PLAIN XOAUTH2 PLAIN-CLIENTTOKEN OAUTHBEARER XOAUTH\nENHANCEDSTATUSCODES\nPIPELINING\nCHUNKING\nSMTPUTF8
smtp_login_code=235
smtp_login_response=2.7.0 Accepted
smtp_mail_code=250
smtp_mail_response=2.1.0 OK 6a1803df08f44-907e86d7207sm87587136d6.34 - gsmtp
smtp_rcpt_code=250
smtp_rcpt_response=2.1.5 OK 6a1803df08f44-907e86d7207sm87587136d6.34 - gsmtp
smtp_data_code=250
smtp_data_response=2.0.0 OK  1785235723 6a1803df08f44-907e86d7207sm87587136d6.34 - gsmtp
report_path=reports/today_stock.md
report_size_bytes=24651
git_commit=9d1f5d4da8600cd1cead0035b87683fe7abbbc26
workflow_run_id=30351946004
today_stock_sha256=20a6ac9b6c11528f3657a9f0742d0b36b3108e9a421eb621d74e01325a29533f
email_body_sha256=20a6ac9b6c11528f3657a9f0742d0b36b3108e9a421eb621d74e01325a29533f
body_matches_today_stock=True
email_subject=A股自动选股日报 2026-07-28【实时数据】
mail_to=xulu2341@gmail.com
