email_sent=true
smtp_connection=success
gmail_auth=success
missing_secrets=none
error=none
message_id=<178730278515.2407.12532059785546036474@github-actions.local>
smtp_ehlo_code=250
smtp_ehlo_response=smtp.gmail.com at your service, [172.184.175.146]\nSIZE 35882577\n8BITMIME\nSTARTTLS\nENHANCEDSTATUSCODES\nPIPELINING\nCHUNKING\nSMTPUTF8
smtp_starttls_code=220
smtp_starttls_response=2.0.0 Ready to start TLS
smtp_tls_ehlo_code=250
smtp_tls_ehlo_response=smtp.gmail.com at your service, [172.184.175.146]\nSIZE 35882577\n8BITMIME\nAUTH LOGIN PLAIN XOAUTH2 PLAIN-CLIENTTOKEN OAUTHBEARER XOAUTH\nENHANCEDSTATUSCODES\nPIPELINING\nCHUNKING\nSMTPUTF8
smtp_login_code=235
smtp_login_response=2.7.0 Accepted
smtp_mail_code=250
smtp_mail_response=2.1.0 OK a92af1059eb24-1416ac3d1bfsm22878557c88.0 - gsmtp
smtp_rcpt_code=250
smtp_rcpt_response=2.1.5 OK a92af1059eb24-1416ac3d1bfsm22878557c88.0 - gsmtp
smtp_data_code=250
smtp_data_response=2.0.0 OK  1787302786 a92af1059eb24-1416ac3d1bfsm22878557c88.0 - gsmtp
report_path=reports/today_stock.md
report_size_bytes=25798
git_commit=9d1f5d4da8600cd1cead0035b87683fe7abbbc26
workflow_run_id=32465456221
today_stock_sha256=10e4a94eff3f6e4d9f71c16cbdfe79bd7545d4c237cf4eb6ba97d389f34d4f9c
email_body_sha256=10e4a94eff3f6e4d9f71c16cbdfe79bd7545d4c237cf4eb6ba97d389f34d4f9c
body_matches_today_stock=True
email_subject=A股自动选股日报 2026-08-21【实时数据】
mail_to=xulu2341@gmail.com
