email_sent=true
smtp_connection=success
gmail_auth=success
missing_secrets=none
error=none
message_id=<178785766389.2430.14803008816949479767@github-actions.local>
smtp_ehlo_code=250
smtp_ehlo_response=smtp.gmail.com at your service, [64.236.144.99]\nSIZE 35882577\n8BITMIME\nSTARTTLS\nENHANCEDSTATUSCODES\nPIPELINING\nCHUNKING\nSMTPUTF8
smtp_starttls_code=220
smtp_starttls_response=2.0.0 Ready to start TLS
smtp_tls_ehlo_code=250
smtp_tls_ehlo_response=smtp.gmail.com at your service, [64.236.144.99]\nSIZE 35882577\n8BITMIME\nAUTH LOGIN PLAIN XOAUTH2 PLAIN-CLIENTTOKEN OAUTHBEARER XOAUTH\nENHANCEDSTATUSCODES\nPIPELINING\nCHUNKING\nSMTPUTF8
smtp_login_code=235
smtp_login_response=2.7.0 Accepted
smtp_mail_code=250
smtp_mail_response=2.1.0 OK 586e51a60fabf-46736444be0sm2614077fac.1 - gsmtp
smtp_rcpt_code=250
smtp_rcpt_response=2.1.5 OK 586e51a60fabf-46736444be0sm2614077fac.1 - gsmtp
smtp_data_code=250
smtp_data_response=2.0.0 OK  1787857665 586e51a60fabf-46736444be0sm2614077fac.1 - gsmtp
report_path=reports/today_stock.md
report_size_bytes=23503
git_commit=9d1f5d4da8600cd1cead0035b87683fe7abbbc26
workflow_run_id=33106559036
today_stock_sha256=060586d333674859f87399c968d38d65aa93d901442443fa5f37e565c0275d45
email_body_sha256=060586d333674859f87399c968d38d65aa93d901442443fa5f37e565c0275d45
body_matches_today_stock=True
email_subject=A股自动选股日报 2026-08-27【实时数据】
mail_to=xulu2341@gmail.com
