email_sent=true
smtp_connection=success
gmail_auth=success
missing_secrets=none
error=none
message_id=<178721631042.2201.17919404257346730650@github-actions.local>
smtp_ehlo_code=250
smtp_ehlo_response=smtp.gmail.com at your service, [4.154.182.176]\nSIZE 35882577\n8BITMIME\nSTARTTLS\nENHANCEDSTATUSCODES\nPIPELINING\nCHUNKING\nSMTPUTF8
smtp_starttls_code=220
smtp_starttls_response=2.0.0 Ready to start TLS
smtp_tls_ehlo_code=250
smtp_tls_ehlo_response=smtp.gmail.com at your service, [4.154.182.176]\nSIZE 35882577\n8BITMIME\nAUTH LOGIN PLAIN XOAUTH2 PLAIN-CLIENTTOKEN OAUTHBEARER XOAUTH\nENHANCEDSTATUSCODES\nPIPELINING\nCHUNKING\nSMTPUTF8
smtp_login_code=235
smtp_login_response=2.7.0 Accepted
smtp_mail_code=250
smtp_mail_response=2.1.0 OK d2e1a72fcca58-851d3389fc4sm1433199b3a.14 - gsmtp
smtp_rcpt_code=250
smtp_rcpt_response=2.1.5 OK d2e1a72fcca58-851d3389fc4sm1433199b3a.14 - gsmtp
smtp_data_code=250
smtp_data_response=2.0.0 OK  1787216311 d2e1a72fcca58-851d3389fc4sm1433199b3a.14 - gsmtp
report_path=reports/today_stock.md
report_size_bytes=25789
git_commit=9d1f5d4da8600cd1cead0035b87683fe7abbbc26
workflow_run_id=32351159662
today_stock_sha256=c68143a630a89c5fd68acbc71083eab8abe94c08cd9c92db4ef99375c0a8eb75
email_body_sha256=c68143a630a89c5fd68acbc71083eab8abe94c08cd9c92db4ef99375c0a8eb75
body_matches_today_stock=True
email_subject=A股自动选股日报 2026-08-20【实时数据】
mail_to=xulu2341@gmail.com
