email_sent=true
smtp_connection=success
gmail_auth=success
missing_secrets=none
error=none
message_id=<178704335390.2286.9268744534659137949@github-actions.local>
smtp_ehlo_code=250
smtp_ehlo_response=smtp.gmail.com at your service, [20.186.238.150]\nSIZE 35882577\n8BITMIME\nSTARTTLS\nENHANCEDSTATUSCODES\nPIPELINING\nCHUNKING\nSMTPUTF8
smtp_starttls_code=220
smtp_starttls_response=2.0.0 Ready to start TLS
smtp_tls_ehlo_code=250
smtp_tls_ehlo_response=smtp.gmail.com at your service, [20.186.238.150]\nSIZE 35882577\n8BITMIME\nAUTH LOGIN PLAIN XOAUTH2 PLAIN-CLIENTTOKEN OAUTHBEARER XOAUTH\nENHANCEDSTATUSCODES\nPIPELINING\nCHUNKING\nSMTPUTF8
smtp_login_code=235
smtp_login_response=2.7.0 Accepted
smtp_mail_code=250
smtp_mail_response=2.1.0 OK 586e51a60fabf-45f22d72e97sm2861235fac.12 - gsmtp
smtp_rcpt_code=250
smtp_rcpt_response=2.1.5 OK 586e51a60fabf-45f22d72e97sm2861235fac.12 - gsmtp
smtp_data_code=250
smtp_data_response=2.0.0 OK  1787043355 586e51a60fabf-45f22d72e97sm2861235fac.12 - gsmtp
report_path=reports/today_stock.md
report_size_bytes=26504
git_commit=9d1f5d4da8600cd1cead0035b87683fe7abbbc26
workflow_run_id=32118554898
today_stock_sha256=f64e7b74590daaf1e946ef035e78312d0f9469af291c787d46737fde61c1f84c
email_body_sha256=f64e7b74590daaf1e946ef035e78312d0f9469af291c787d46737fde61c1f84c
body_matches_today_stock=True
email_subject=A股自动选股日报 2026-08-18【实时数据】
mail_to=xulu2341@gmail.com
