email_sent=true
smtp_connection=success
gmail_auth=success
missing_secrets=none
error=none
message_id=<178488912746.2483.10240669540144927534@github-actions.local>
smtp_ehlo_code=250
smtp_ehlo_response=smtp.gmail.com at your service, [172.178.119.40]\nSIZE 35882577\n8BITMIME\nSTARTTLS\nENHANCEDSTATUSCODES\nPIPELINING\nCHUNKING\nSMTPUTF8
smtp_starttls_code=220
smtp_starttls_response=2.0.0 Ready to start TLS
smtp_tls_ehlo_code=250
smtp_tls_ehlo_response=smtp.gmail.com at your service, [172.178.119.40]\nSIZE 35882577\n8BITMIME\nAUTH LOGIN PLAIN XOAUTH2 PLAIN-CLIENTTOKEN OAUTHBEARER XOAUTH\nENHANCEDSTATUSCODES\nPIPELINING\nCHUNKING\nSMTPUTF8
smtp_login_code=235
smtp_login_response=2.7.0 Accepted
smtp_mail_code=250
smtp_mail_response=2.1.0 OK 6a1803df08f44-907baa2962csm65619476d6.48 - gsmtp
smtp_rcpt_code=250
smtp_rcpt_response=2.1.5 OK 6a1803df08f44-907baa2962csm65619476d6.48 - gsmtp
smtp_data_code=250
smtp_data_response=2.0.0 OK  1784889128 6a1803df08f44-907baa2962csm65619476d6.48 - gsmtp
report_path=reports/today_stock.md
report_size_bytes=24933
git_commit=9d1f5d4da8600cd1cead0035b87683fe7abbbc26
workflow_run_id=30086219957
today_stock_sha256=e0f2f38087548d801c3f96a70e4a51febbbee62eeccc69e1fdd124a09b1a19b9
email_body_sha256=e0f2f38087548d801c3f96a70e4a51febbbee62eeccc69e1fdd124a09b1a19b9
body_matches_today_stock=True
email_subject=A股自动选股日报 2026-07-24【实时数据】
mail_to=xulu2341@gmail.com
