email_sent=true
smtp_connection=success
gmail_auth=success
missing_secrets=none
error=none
message_id=<178643975481.2666.3599010949195042152@github-actions.local>
smtp_ehlo_code=250
smtp_ehlo_response=smtp.gmail.com at your service, [20.168.107.218]\nSIZE 35882577\n8BITMIME\nSTARTTLS\nENHANCEDSTATUSCODES\nPIPELINING\nCHUNKING\nSMTPUTF8
smtp_starttls_code=220
smtp_starttls_response=2.0.0 Ready to start TLS
smtp_tls_ehlo_code=250
smtp_tls_ehlo_response=smtp.gmail.com at your service, [20.168.107.218]\nSIZE 35882577\n8BITMIME\nAUTH LOGIN PLAIN XOAUTH2 PLAIN-CLIENTTOKEN OAUTHBEARER XOAUTH\nENHANCEDSTATUSCODES\nPIPELINING\nCHUNKING\nSMTPUTF8
smtp_login_code=235
smtp_login_response=2.7.0 Accepted
smtp_mail_code=250
smtp_mail_response=2.1.0 OK a92af1059eb24-14120373d78sm4797442c88.4 - gsmtp
smtp_rcpt_code=250
smtp_rcpt_response=2.1.5 OK a92af1059eb24-14120373d78sm4797442c88.4 - gsmtp
smtp_data_code=250
smtp_data_response=2.0.0 OK  1786439756 a92af1059eb24-14120373d78sm4797442c88.4 - gsmtp
report_path=reports/today_stock.md
report_size_bytes=25639
git_commit=9d1f5d4da8600cd1cead0035b87683fe7abbbc26
workflow_run_id=31476632109
today_stock_sha256=54738e00210528921f25cb70b949facce84e7af18022403964cbbc3236253dfd
email_body_sha256=54738e00210528921f25cb70b949facce84e7af18022403964cbbc3236253dfd
body_matches_today_stock=True
email_subject=A股自动选股日报 2026-08-11【实时数据】
mail_to=xulu2341@gmail.com
