email_sent=true
smtp_connection=success
gmail_auth=success
missing_secrets=none
error=none
message_id=<178532228428.2456.15744927227744191755@github-actions.local>
smtp_ehlo_code=250
smtp_ehlo_response=smtp.gmail.com at your service, [20.81.159.33]\nSIZE 35882577\n8BITMIME\nSTARTTLS\nENHANCEDSTATUSCODES\nPIPELINING\nCHUNKING\nSMTPUTF8
smtp_starttls_code=220
smtp_starttls_response=2.0.0 Ready to start TLS
smtp_tls_ehlo_code=250
smtp_tls_ehlo_response=smtp.gmail.com at your service, [20.81.159.33]\nSIZE 35882577\n8BITMIME\nAUTH LOGIN PLAIN XOAUTH2 PLAIN-CLIENTTOKEN OAUTHBEARER XOAUTH\nENHANCEDSTATUSCODES\nPIPELINING\nCHUNKING\nSMTPUTF8
smtp_login_code=235
smtp_login_response=2.7.0 Accepted
smtp_mail_code=250
smtp_mail_response=2.1.0 OK 6a1803df08f44-9081dd6b539sm21987626d6.41 - gsmtp
smtp_rcpt_code=250
smtp_rcpt_response=2.1.5 OK 6a1803df08f44-9081dd6b539sm21987626d6.41 - gsmtp
smtp_data_code=250
smtp_data_response=2.0.0 OK  1785322285 6a1803df08f44-9081dd6b539sm21987626d6.41 - gsmtp
report_path=reports/today_stock.md
report_size_bytes=24535
git_commit=9d1f5d4da8600cd1cead0035b87683fe7abbbc26
workflow_run_id=30445034642
today_stock_sha256=d6fde35c83970bac10c895edfca46f05309a04c6e4c8e1553c7466e1e7509991
email_body_sha256=d6fde35c83970bac10c895edfca46f05309a04c6e4c8e1553c7466e1e7509991
body_matches_today_stock=True
email_subject=A股自动选股日报 2026-07-29【实时数据】
mail_to=xulu2341@gmail.com
